// Jest Snapshot v1, https://goo.gl/fbAQLP

exports[`<Header /> should render the header correctly 1`] = `
<header
  class="c-iBtCWD"
>
  <img
    alt="Logo"
    data-nimg="1"
    decoding="async"
    height="52"
    loading="lazy"
    src="/svg/logo.svg"
    style="color: transparent;"
    width="130"
  />
</header>
`;
